
SPECTRUM %  XFR        =     1.10
SPECTRUM %  FREQ1      =     0.04
SPECTRUM %  NK         =       32
SPECTRUM %  NTH        =       36
SPECTRUM %  THOFF      =     0.00

RUN %  FLDRY      = F
RUN %  FLCX       = T
RUN %  FLCY       = T
RUN %  FLCTH      = T
RUN %  FLCK       = F
RUN %  FLSOU      = T

TIMESTEPS %  DTMAX      =   142.60
TIMESTEPS %  DTXY       =    47.50
TIMESTEPS %  DTKTH      =    14.30
TIMESTEPS %  DTMIN      =    10.00

GRID %  NAME       = WESTERN_MEDITERRANEAN_1KM
GRID %  NML        = namelists.nml
GRID %  TYPE       = RECT
GRID %  COORD      = SPHE
GRID %  CLOS       = NONE
GRID %  ZLIM       =    -0.10
GRID %  DMIN       =     2.50

RECT %  NX         =     2221
RECT %  NY         =     1056
RECT %  SX         =         0.01
RECT %  SY         =         0.01
RECT %  SF         =         1.00
RECT %  X0         =        -6.00
RECT %  Y0         =        35.00
RECT %  SF0        =         1.00

CURV %  NX                 =        0
CURV %  NY                 =        0
CURV %  XCOORD % SF        =     1.00
CURV %  XCOORD % OFF       =     0.00
CURV %  XCOORD % FILENAME  = unset
CURV %  XCOORD % IDF       =       21
CURV %  XCOORD % IDLA      =        1
CURV %  XCOORD % IDFM      =        1
CURV %  XCOORD % FORMAT    = (....)
CURV %  XCOORD % FROM      = NAME
CURV %  YCOORD % SF        =     1.00
CURV %  YCOORD % OFF       =     0.00
CURV %  YCOORD % FILENAME  = unset
CURV %  YCOORD % IDF       =       22
CURV %  YCOORD % IDLA      =        1
CURV %  YCOORD % IDFM      =        1
CURV %  YCOORD % FORMAT    = (....)
CURV %  YCOORD % FROM      = NAME

UNST %  SF        =     0.00
UNST %  FILENAME  = unset
UNST %  IDF       =       20
UNST %  IDLA      =        1
UNST %  IDFM      =        1
UNST %  FORMAT    = (....)
UNST %  UGOBCFILE = unset

SMC %  MCELS % FILENAME  = unset
SMC %  MCELS % IDF       =       31
SMC %  MCELS % IDLA      =        1
SMC %  MCELS % IDFM      =        1
SMC %  MCELS % FORMAT    = (....)
SMC %  ISIDE % FILENAME  = unset
SMC %  ISIDE % IDF       =       32
SMC %  ISIDE % IDLA      =        1
SMC %  ISIDE % IDFM      =        1
SMC %  ISIDE % FORMAT    = (....)
SMC %  JSIDE % FILENAME  = unset
SMC %  JSIDE % IDF       =       33
SMC %  JSIDE % IDLA      =        1
SMC %  JSIDE % IDFM      =        1
SMC %  JSIDE % FORMAT    = (....)
SMC %  SUBTR % FILENAME  = unset
SMC %  SUBTR % IDF       =       34
SMC %  SUBTR % IDLA      =        1
SMC %  SUBTR % IDFM      =        1
SMC %  SUBTR % FORMAT    = (....)
SMC %  BUNDY % FILENAME  = unset
SMC %  BUNDY % IDF       =       35
SMC %  BUNDY % IDLA      =        1
SMC %  BUNDY % IDFM      =        1
SMC %  BUNDY % FORMAT    = (....)
SMC %  MBARC % FILENAME  = unset
SMC %  MBARC % IDF       =       36
SMC %  MBARC % IDLA      =        1
SMC %  MBARC % IDFM      =        1
SMC %  MBARC % FORMAT    = (....)
SMC %  AISID % FILENAME  = unset
SMC %  AISID % IDF       =       37
SMC %  AISID % IDLA      =        1
SMC %  AISID % IDFM      =        1
SMC %  AISID % FORMAT    = (....)
SMC %  AJSID % FILENAME  = unset
SMC %  AJSID % IDF       =       38
SMC %  AJSID % IDLA      =        1
SMC %  AJSID % IDFM      =        1
SMC %  AJSID % FORMAT    = (....)

DEPTH %  SF        =     1.00
DEPTH %  FILENAME  = depth.inp
DEPTH %  IDF       =       50
DEPTH %  IDLA      =        1
DEPTH %  IDFM      =        1
DEPTH %  FORMAT    = (....)
DEPTH %  FROM      = NAME

MASK %  FILENAME  = unset
MASK %  IDF       =       60
MASK %  IDLA      =        1
MASK %  IDFM      =        1
MASK %  FORMAT    = (....)
MASK %  FROM      = NAME

OBST %  SF        =     1.00
OBST %  FILENAME  = unset
OBST %  IDF       =       70
OBST %  IDLA      =        1
OBST %  IDFM      =        1
OBST %  FORMAT    = (....)
OBST %  FROM      = NAME

SLOPE %  SF        =     1.00
SLOPE %  FILENAME  = unset
SLOPE %  IDF       =       80
SLOPE %  IDLA      =        1
SLOPE %  IDFM      =        1
SLOPE %  FORMAT    = (....)
SLOPE %  FROM      = NAME

SED %  SF        =     1.00
SED %  FILENAME  = unset
SED %  IDF       =       90
SED %  IDLA      =        1
SED %  IDFM      =        1
SED %  FORMAT    = (....)
SED %  FROM      = NAME

INBND_COUNT %  N_POINT       =      503

INBND_POINT(       1) %  X_INDEX   =     1886
INBND_POINT(       1) %  Y_INDEX   =        1
INBND_POINT(       1) %  CONNECT   = F


INBND_POINT(       2) %  X_INDEX   =     1888
INBND_POINT(       2) %  Y_INDEX   =        1
INBND_POINT(       2) %  CONNECT   = F


INBND_POINT(       3) %  X_INDEX   =     1889
INBND_POINT(       3) %  Y_INDEX   =        1
INBND_POINT(       3) %  CONNECT   = T


INBND_POINT(       4) %  X_INDEX   =     1890
INBND_POINT(       4) %  Y_INDEX   =        1
INBND_POINT(       4) %  CONNECT   = T


INBND_POINT(       5) %  X_INDEX   =     1891
INBND_POINT(       5) %  Y_INDEX   =        1
INBND_POINT(       5) %  CONNECT   = T


INBND_POINT(       6) %  X_INDEX   =     1892
INBND_POINT(       6) %  Y_INDEX   =        1
INBND_POINT(       6) %  CONNECT   = T


INBND_POINT(       7) %  X_INDEX   =     1893
INBND_POINT(       7) %  Y_INDEX   =        1
INBND_POINT(       7) %  CONNECT   = T


INBND_POINT(       8) %  X_INDEX   =     1894
INBND_POINT(       8) %  Y_INDEX   =        1
INBND_POINT(       8) %  CONNECT   = T


INBND_POINT(       9) %  X_INDEX   =     1895
INBND_POINT(       9) %  Y_INDEX   =        1
INBND_POINT(       9) %  CONNECT   = T


INBND_POINT(      10) %  X_INDEX   =     1896
INBND_POINT(      10) %  Y_INDEX   =        1
INBND_POINT(      10) %  CONNECT   = T


INBND_POINT(      11) %  X_INDEX   =     1897
INBND_POINT(      11) %  Y_INDEX   =        1
INBND_POINT(      11) %  CONNECT   = T


INBND_POINT(      12) %  X_INDEX   =     1898
INBND_POINT(      12) %  Y_INDEX   =        1
INBND_POINT(      12) %  CONNECT   = T


INBND_POINT(      13) %  X_INDEX   =     1899
INBND_POINT(      13) %  Y_INDEX   =        1
INBND_POINT(      13) %  CONNECT   = T


INBND_POINT(      14) %  X_INDEX   =     1900
INBND_POINT(      14) %  Y_INDEX   =        1
INBND_POINT(      14) %  CONNECT   = T


INBND_POINT(      15) %  X_INDEX   =     1901
INBND_POINT(      15) %  Y_INDEX   =        1
INBND_POINT(      15) %  CONNECT   = T


INBND_POINT(      16) %  X_INDEX   =     1902
INBND_POINT(      16) %  Y_INDEX   =        1
INBND_POINT(      16) %  CONNECT   = T


INBND_POINT(      17) %  X_INDEX   =     1903
INBND_POINT(      17) %  Y_INDEX   =        1
INBND_POINT(      17) %  CONNECT   = T


INBND_POINT(      18) %  X_INDEX   =     1904
INBND_POINT(      18) %  Y_INDEX   =        1
INBND_POINT(      18) %  CONNECT   = T


INBND_POINT(      19) %  X_INDEX   =     1905
INBND_POINT(      19) %  Y_INDEX   =        1
INBND_POINT(      19) %  CONNECT   = T


INBND_POINT(      20) %  X_INDEX   =     1906
INBND_POINT(      20) %  Y_INDEX   =        1
INBND_POINT(      20) %  CONNECT   = T


INBND_POINT(      21) %  X_INDEX   =     1907
INBND_POINT(      21) %  Y_INDEX   =        1
INBND_POINT(      21) %  CONNECT   = T


INBND_POINT(      22) %  X_INDEX   =     1908
INBND_POINT(      22) %  Y_INDEX   =        1
INBND_POINT(      22) %  CONNECT   = T


INBND_POINT(      23) %  X_INDEX   =     1909
INBND_POINT(      23) %  Y_INDEX   =        1
INBND_POINT(      23) %  CONNECT   = T


INBND_POINT(      24) %  X_INDEX   =     1910
INBND_POINT(      24) %  Y_INDEX   =        1
INBND_POINT(      24) %  CONNECT   = T


INBND_POINT(      25) %  X_INDEX   =     1911
INBND_POINT(      25) %  Y_INDEX   =        1
INBND_POINT(      25) %  CONNECT   = T


INBND_POINT(      26) %  X_INDEX   =     1912
INBND_POINT(      26) %  Y_INDEX   =        1
INBND_POINT(      26) %  CONNECT   = T


INBND_POINT(      27) %  X_INDEX   =     1913
INBND_POINT(      27) %  Y_INDEX   =        1
INBND_POINT(      27) %  CONNECT   = T


INBND_POINT(      28) %  X_INDEX   =     1914
INBND_POINT(      28) %  Y_INDEX   =        1
INBND_POINT(      28) %  CONNECT   = T


INBND_POINT(      29) %  X_INDEX   =     1915
INBND_POINT(      29) %  Y_INDEX   =        1
INBND_POINT(      29) %  CONNECT   = T


INBND_POINT(      30) %  X_INDEX   =     1916
INBND_POINT(      30) %  Y_INDEX   =        1
INBND_POINT(      30) %  CONNECT   = T


INBND_POINT(      31) %  X_INDEX   =     1917
INBND_POINT(      31) %  Y_INDEX   =        1
INBND_POINT(      31) %  CONNECT   = T


INBND_POINT(      32) %  X_INDEX   =     1918
INBND_POINT(      32) %  Y_INDEX   =        1
INBND_POINT(      32) %  CONNECT   = T


INBND_POINT(      33) %  X_INDEX   =     1919
INBND_POINT(      33) %  Y_INDEX   =        1
INBND_POINT(      33) %  CONNECT   = T


INBND_POINT(      34) %  X_INDEX   =     1920
INBND_POINT(      34) %  Y_INDEX   =        1
INBND_POINT(      34) %  CONNECT   = T


INBND_POINT(      35) %  X_INDEX   =     1921
INBND_POINT(      35) %  Y_INDEX   =        1
INBND_POINT(      35) %  CONNECT   = T


INBND_POINT(      36) %  X_INDEX   =     1922
INBND_POINT(      36) %  Y_INDEX   =        1
INBND_POINT(      36) %  CONNECT   = T


INBND_POINT(      37) %  X_INDEX   =     1923
INBND_POINT(      37) %  Y_INDEX   =        1
INBND_POINT(      37) %  CONNECT   = T


INBND_POINT(      38) %  X_INDEX   =     1924
INBND_POINT(      38) %  Y_INDEX   =        1
INBND_POINT(      38) %  CONNECT   = T


INBND_POINT(      39) %  X_INDEX   =     1925
INBND_POINT(      39) %  Y_INDEX   =        1
INBND_POINT(      39) %  CONNECT   = T


INBND_POINT(      40) %  X_INDEX   =     1926
INBND_POINT(      40) %  Y_INDEX   =        1
INBND_POINT(      40) %  CONNECT   = T


INBND_POINT(      41) %  X_INDEX   =     1927
INBND_POINT(      41) %  Y_INDEX   =        1
INBND_POINT(      41) %  CONNECT   = T


INBND_POINT(      42) %  X_INDEX   =     1928
INBND_POINT(      42) %  Y_INDEX   =        1
INBND_POINT(      42) %  CONNECT   = T


INBND_POINT(      43) %  X_INDEX   =     1929
INBND_POINT(      43) %  Y_INDEX   =        1
INBND_POINT(      43) %  CONNECT   = T


INBND_POINT(      44) %  X_INDEX   =     1930
INBND_POINT(      44) %  Y_INDEX   =        1
INBND_POINT(      44) %  CONNECT   = T


INBND_POINT(      45) %  X_INDEX   =     1931
INBND_POINT(      45) %  Y_INDEX   =        1
INBND_POINT(      45) %  CONNECT   = T


INBND_POINT(      46) %  X_INDEX   =     1932
INBND_POINT(      46) %  Y_INDEX   =        1
INBND_POINT(      46) %  CONNECT   = T


INBND_POINT(      47) %  X_INDEX   =     1933
INBND_POINT(      47) %  Y_INDEX   =        1
INBND_POINT(      47) %  CONNECT   = T


INBND_POINT(      48) %  X_INDEX   =     1934
INBND_POINT(      48) %  Y_INDEX   =        1
INBND_POINT(      48) %  CONNECT   = T


INBND_POINT(      49) %  X_INDEX   =     1935
INBND_POINT(      49) %  Y_INDEX   =        1
INBND_POINT(      49) %  CONNECT   = T


INBND_POINT(      50) %  X_INDEX   =     1936
INBND_POINT(      50) %  Y_INDEX   =        1
INBND_POINT(      50) %  CONNECT   = T


INBND_POINT(      51) %  X_INDEX   =     1937
INBND_POINT(      51) %  Y_INDEX   =        1
INBND_POINT(      51) %  CONNECT   = T


INBND_POINT(      52) %  X_INDEX   =     1938
INBND_POINT(      52) %  Y_INDEX   =        1
INBND_POINT(      52) %  CONNECT   = T


INBND_POINT(      53) %  X_INDEX   =     1939
INBND_POINT(      53) %  Y_INDEX   =        1
INBND_POINT(      53) %  CONNECT   = T


INBND_POINT(      54) %  X_INDEX   =     1940
INBND_POINT(      54) %  Y_INDEX   =        1
INBND_POINT(      54) %  CONNECT   = T


INBND_POINT(      55) %  X_INDEX   =     1941
INBND_POINT(      55) %  Y_INDEX   =        1
INBND_POINT(      55) %  CONNECT   = T


INBND_POINT(      56) %  X_INDEX   =     1942
INBND_POINT(      56) %  Y_INDEX   =        1
INBND_POINT(      56) %  CONNECT   = T


INBND_POINT(      57) %  X_INDEX   =     1943
INBND_POINT(      57) %  Y_INDEX   =        1
INBND_POINT(      57) %  CONNECT   = T


INBND_POINT(      58) %  X_INDEX   =     1944
INBND_POINT(      58) %  Y_INDEX   =        1
INBND_POINT(      58) %  CONNECT   = T


INBND_POINT(      59) %  X_INDEX   =     1945
INBND_POINT(      59) %  Y_INDEX   =        1
INBND_POINT(      59) %  CONNECT   = T


INBND_POINT(      60) %  X_INDEX   =     1946
INBND_POINT(      60) %  Y_INDEX   =        1
INBND_POINT(      60) %  CONNECT   = T


INBND_POINT(      61) %  X_INDEX   =     1947
INBND_POINT(      61) %  Y_INDEX   =        1
INBND_POINT(      61) %  CONNECT   = T


INBND_POINT(      62) %  X_INDEX   =     1948
INBND_POINT(      62) %  Y_INDEX   =        1
INBND_POINT(      62) %  CONNECT   = T


INBND_POINT(      63) %  X_INDEX   =     1949
INBND_POINT(      63) %  Y_INDEX   =        1
INBND_POINT(      63) %  CONNECT   = T


INBND_POINT(      64) %  X_INDEX   =     1950
INBND_POINT(      64) %  Y_INDEX   =        1
INBND_POINT(      64) %  CONNECT   = T


INBND_POINT(      65) %  X_INDEX   =     1951
INBND_POINT(      65) %  Y_INDEX   =        1
INBND_POINT(      65) %  CONNECT   = T


INBND_POINT(      66) %  X_INDEX   =     1952
INBND_POINT(      66) %  Y_INDEX   =        1
INBND_POINT(      66) %  CONNECT   = T


INBND_POINT(      67) %  X_INDEX   =     1953
INBND_POINT(      67) %  Y_INDEX   =        1
INBND_POINT(      67) %  CONNECT   = T


INBND_POINT(      68) %  X_INDEX   =     1954
INBND_POINT(      68) %  Y_INDEX   =        1
INBND_POINT(      68) %  CONNECT   = T


INBND_POINT(      69) %  X_INDEX   =     1955
INBND_POINT(      69) %  Y_INDEX   =        1
INBND_POINT(      69) %  CONNECT   = T


INBND_POINT(      70) %  X_INDEX   =     1956
INBND_POINT(      70) %  Y_INDEX   =        1
INBND_POINT(      70) %  CONNECT   = T


INBND_POINT(      71) %  X_INDEX   =     1957
INBND_POINT(      71) %  Y_INDEX   =        1
INBND_POINT(      71) %  CONNECT   = T


INBND_POINT(      72) %  X_INDEX   =     1958
INBND_POINT(      72) %  Y_INDEX   =        1
INBND_POINT(      72) %  CONNECT   = T


INBND_POINT(      73) %  X_INDEX   =     1959
INBND_POINT(      73) %  Y_INDEX   =        1
INBND_POINT(      73) %  CONNECT   = T


INBND_POINT(      74) %  X_INDEX   =     1960
INBND_POINT(      74) %  Y_INDEX   =        1
INBND_POINT(      74) %  CONNECT   = T


INBND_POINT(      75) %  X_INDEX   =     1961
INBND_POINT(      75) %  Y_INDEX   =        1
INBND_POINT(      75) %  CONNECT   = T


INBND_POINT(      76) %  X_INDEX   =     1962
INBND_POINT(      76) %  Y_INDEX   =        1
INBND_POINT(      76) %  CONNECT   = T


INBND_POINT(      77) %  X_INDEX   =     1963
INBND_POINT(      77) %  Y_INDEX   =        1
INBND_POINT(      77) %  CONNECT   = T


INBND_POINT(      78) %  X_INDEX   =     1964
INBND_POINT(      78) %  Y_INDEX   =        1
INBND_POINT(      78) %  CONNECT   = T


INBND_POINT(      79) %  X_INDEX   =     1965
INBND_POINT(      79) %  Y_INDEX   =        1
INBND_POINT(      79) %  CONNECT   = T


INBND_POINT(      80) %  X_INDEX   =     1966
INBND_POINT(      80) %  Y_INDEX   =        1
INBND_POINT(      80) %  CONNECT   = T


INBND_POINT(      81) %  X_INDEX   =     1967
INBND_POINT(      81) %  Y_INDEX   =        1
INBND_POINT(      81) %  CONNECT   = T


INBND_POINT(      82) %  X_INDEX   =     1968
INBND_POINT(      82) %  Y_INDEX   =        1
INBND_POINT(      82) %  CONNECT   = T


INBND_POINT(      83) %  X_INDEX   =     1969
INBND_POINT(      83) %  Y_INDEX   =        1
INBND_POINT(      83) %  CONNECT   = T


INBND_POINT(      84) %  X_INDEX   =     1970
INBND_POINT(      84) %  Y_INDEX   =        1
INBND_POINT(      84) %  CONNECT   = T


INBND_POINT(      85) %  X_INDEX   =     1971
INBND_POINT(      85) %  Y_INDEX   =        1
INBND_POINT(      85) %  CONNECT   = T


INBND_POINT(      86) %  X_INDEX   =     1972
INBND_POINT(      86) %  Y_INDEX   =        1
INBND_POINT(      86) %  CONNECT   = T


INBND_POINT(      87) %  X_INDEX   =     1973
INBND_POINT(      87) %  Y_INDEX   =        1
INBND_POINT(      87) %  CONNECT   = T


INBND_POINT(      88) %  X_INDEX   =     1974
INBND_POINT(      88) %  Y_INDEX   =        1
INBND_POINT(      88) %  CONNECT   = T


INBND_POINT(      89) %  X_INDEX   =     1975
INBND_POINT(      89) %  Y_INDEX   =        1
INBND_POINT(      89) %  CONNECT   = T


INBND_POINT(      90) %  X_INDEX   =     1976
INBND_POINT(      90) %  Y_INDEX   =        1
INBND_POINT(      90) %  CONNECT   = T


INBND_POINT(      91) %  X_INDEX   =     1977
INBND_POINT(      91) %  Y_INDEX   =        1
INBND_POINT(      91) %  CONNECT   = T


INBND_POINT(      92) %  X_INDEX   =     1978
INBND_POINT(      92) %  Y_INDEX   =        1
INBND_POINT(      92) %  CONNECT   = T


INBND_POINT(      93) %  X_INDEX   =     1979
INBND_POINT(      93) %  Y_INDEX   =        1
INBND_POINT(      93) %  CONNECT   = T


INBND_POINT(      94) %  X_INDEX   =     1980
INBND_POINT(      94) %  Y_INDEX   =        1
INBND_POINT(      94) %  CONNECT   = T


INBND_POINT(      95) %  X_INDEX   =     1981
INBND_POINT(      95) %  Y_INDEX   =        1
INBND_POINT(      95) %  CONNECT   = T


INBND_POINT(      96) %  X_INDEX   =     1982
INBND_POINT(      96) %  Y_INDEX   =        1
INBND_POINT(      96) %  CONNECT   = T


INBND_POINT(      97) %  X_INDEX   =     1983
INBND_POINT(      97) %  Y_INDEX   =        1
INBND_POINT(      97) %  CONNECT   = T


INBND_POINT(      98) %  X_INDEX   =     1984
INBND_POINT(      98) %  Y_INDEX   =        1
INBND_POINT(      98) %  CONNECT   = T


INBND_POINT(      99) %  X_INDEX   =     1985
INBND_POINT(      99) %  Y_INDEX   =        1
INBND_POINT(      99) %  CONNECT   = T


INBND_POINT(     100) %  X_INDEX   =     1986
INBND_POINT(     100) %  Y_INDEX   =        1
INBND_POINT(     100) %  CONNECT   = T


INBND_POINT(     101) %  X_INDEX   =     1987
INBND_POINT(     101) %  Y_INDEX   =        1
INBND_POINT(     101) %  CONNECT   = T


INBND_POINT(     102) %  X_INDEX   =     1988
INBND_POINT(     102) %  Y_INDEX   =        1
INBND_POINT(     102) %  CONNECT   = T


INBND_POINT(     103) %  X_INDEX   =     1989
INBND_POINT(     103) %  Y_INDEX   =        1
INBND_POINT(     103) %  CONNECT   = T


INBND_POINT(     104) %  X_INDEX   =     1990
INBND_POINT(     104) %  Y_INDEX   =        1
INBND_POINT(     104) %  CONNECT   = T


INBND_POINT(     105) %  X_INDEX   =     1991
INBND_POINT(     105) %  Y_INDEX   =        1
INBND_POINT(     105) %  CONNECT   = T


INBND_POINT(     106) %  X_INDEX   =     1992
INBND_POINT(     106) %  Y_INDEX   =        1
INBND_POINT(     106) %  CONNECT   = T


INBND_POINT(     107) %  X_INDEX   =     1993
INBND_POINT(     107) %  Y_INDEX   =        1
INBND_POINT(     107) %  CONNECT   = T


INBND_POINT(     108) %  X_INDEX   =     1994
INBND_POINT(     108) %  Y_INDEX   =        1
INBND_POINT(     108) %  CONNECT   = T


INBND_POINT(     109) %  X_INDEX   =     1995
INBND_POINT(     109) %  Y_INDEX   =        1
INBND_POINT(     109) %  CONNECT   = T


INBND_POINT(     110) %  X_INDEX   =     1996
INBND_POINT(     110) %  Y_INDEX   =        1
INBND_POINT(     110) %  CONNECT   = T


INBND_POINT(     111) %  X_INDEX   =     1997
INBND_POINT(     111) %  Y_INDEX   =        1
INBND_POINT(     111) %  CONNECT   = T


INBND_POINT(     112) %  X_INDEX   =     1998
INBND_POINT(     112) %  Y_INDEX   =        1
INBND_POINT(     112) %  CONNECT   = T


INBND_POINT(     113) %  X_INDEX   =     1999
INBND_POINT(     113) %  Y_INDEX   =        1
INBND_POINT(     113) %  CONNECT   = T


INBND_POINT(     114) %  X_INDEX   =     2000
INBND_POINT(     114) %  Y_INDEX   =        1
INBND_POINT(     114) %  CONNECT   = T


INBND_POINT(     115) %  X_INDEX   =     2001
INBND_POINT(     115) %  Y_INDEX   =        1
INBND_POINT(     115) %  CONNECT   = T


INBND_POINT(     116) %  X_INDEX   =     2002
INBND_POINT(     116) %  Y_INDEX   =        1
INBND_POINT(     116) %  CONNECT   = T


INBND_POINT(     117) %  X_INDEX   =     2003
INBND_POINT(     117) %  Y_INDEX   =        1
INBND_POINT(     117) %  CONNECT   = T


INBND_POINT(     118) %  X_INDEX   =     2004
INBND_POINT(     118) %  Y_INDEX   =        1
INBND_POINT(     118) %  CONNECT   = T


INBND_POINT(     119) %  X_INDEX   =     2005
INBND_POINT(     119) %  Y_INDEX   =        1
INBND_POINT(     119) %  CONNECT   = T


INBND_POINT(     120) %  X_INDEX   =     2006
INBND_POINT(     120) %  Y_INDEX   =        1
INBND_POINT(     120) %  CONNECT   = T


INBND_POINT(     121) %  X_INDEX   =     2007
INBND_POINT(     121) %  Y_INDEX   =        1
INBND_POINT(     121) %  CONNECT   = T


INBND_POINT(     122) %  X_INDEX   =     2008
INBND_POINT(     122) %  Y_INDEX   =        1
INBND_POINT(     122) %  CONNECT   = T


INBND_POINT(     123) %  X_INDEX   =     2009
INBND_POINT(     123) %  Y_INDEX   =        1
INBND_POINT(     123) %  CONNECT   = T


INBND_POINT(     124) %  X_INDEX   =     2010
INBND_POINT(     124) %  Y_INDEX   =        1
INBND_POINT(     124) %  CONNECT   = T


INBND_POINT(     125) %  X_INDEX   =     2011
INBND_POINT(     125) %  Y_INDEX   =        1
INBND_POINT(     125) %  CONNECT   = T


INBND_POINT(     126) %  X_INDEX   =     2012
INBND_POINT(     126) %  Y_INDEX   =        1
INBND_POINT(     126) %  CONNECT   = T


INBND_POINT(     127) %  X_INDEX   =     2013
INBND_POINT(     127) %  Y_INDEX   =        1
INBND_POINT(     127) %  CONNECT   = T


INBND_POINT(     128) %  X_INDEX   =     2014
INBND_POINT(     128) %  Y_INDEX   =        1
INBND_POINT(     128) %  CONNECT   = T


INBND_POINT(     129) %  X_INDEX   =     2015
INBND_POINT(     129) %  Y_INDEX   =        1
INBND_POINT(     129) %  CONNECT   = T


INBND_POINT(     130) %  X_INDEX   =     2016
INBND_POINT(     130) %  Y_INDEX   =        1
INBND_POINT(     130) %  CONNECT   = T


INBND_POINT(     131) %  X_INDEX   =     2017
INBND_POINT(     131) %  Y_INDEX   =        1
INBND_POINT(     131) %  CONNECT   = T


INBND_POINT(     132) %  X_INDEX   =     2018
INBND_POINT(     132) %  Y_INDEX   =        1
INBND_POINT(     132) %  CONNECT   = T


INBND_POINT(     133) %  X_INDEX   =     2019
INBND_POINT(     133) %  Y_INDEX   =        1
INBND_POINT(     133) %  CONNECT   = T


INBND_POINT(     134) %  X_INDEX   =     2020
INBND_POINT(     134) %  Y_INDEX   =        1
INBND_POINT(     134) %  CONNECT   = T


INBND_POINT(     135) %  X_INDEX   =     2021
INBND_POINT(     135) %  Y_INDEX   =        1
INBND_POINT(     135) %  CONNECT   = T


INBND_POINT(     136) %  X_INDEX   =     2022
INBND_POINT(     136) %  Y_INDEX   =        1
INBND_POINT(     136) %  CONNECT   = T


INBND_POINT(     137) %  X_INDEX   =     2023
INBND_POINT(     137) %  Y_INDEX   =        1
INBND_POINT(     137) %  CONNECT   = T


INBND_POINT(     138) %  X_INDEX   =     2024
INBND_POINT(     138) %  Y_INDEX   =        1
INBND_POINT(     138) %  CONNECT   = T


INBND_POINT(     139) %  X_INDEX   =     2025
INBND_POINT(     139) %  Y_INDEX   =        1
INBND_POINT(     139) %  CONNECT   = T


INBND_POINT(     140) %  X_INDEX   =     2026
INBND_POINT(     140) %  Y_INDEX   =        1
INBND_POINT(     140) %  CONNECT   = T


INBND_POINT(     141) %  X_INDEX   =     2027
INBND_POINT(     141) %  Y_INDEX   =        1
INBND_POINT(     141) %  CONNECT   = T


INBND_POINT(     142) %  X_INDEX   =     2028
INBND_POINT(     142) %  Y_INDEX   =        1
INBND_POINT(     142) %  CONNECT   = T


INBND_POINT(     143) %  X_INDEX   =     2029
INBND_POINT(     143) %  Y_INDEX   =        1
INBND_POINT(     143) %  CONNECT   = T


INBND_POINT(     144) %  X_INDEX   =     2030
INBND_POINT(     144) %  Y_INDEX   =        1
INBND_POINT(     144) %  CONNECT   = T


INBND_POINT(     145) %  X_INDEX   =     2031
INBND_POINT(     145) %  Y_INDEX   =        1
INBND_POINT(     145) %  CONNECT   = T


INBND_POINT(     146) %  X_INDEX   =     2032
INBND_POINT(     146) %  Y_INDEX   =        1
INBND_POINT(     146) %  CONNECT   = T


INBND_POINT(     147) %  X_INDEX   =     2033
INBND_POINT(     147) %  Y_INDEX   =        1
INBND_POINT(     147) %  CONNECT   = T


INBND_POINT(     148) %  X_INDEX   =     2034
INBND_POINT(     148) %  Y_INDEX   =        1
INBND_POINT(     148) %  CONNECT   = T


INBND_POINT(     149) %  X_INDEX   =     2035
INBND_POINT(     149) %  Y_INDEX   =        1
INBND_POINT(     149) %  CONNECT   = T


INBND_POINT(     150) %  X_INDEX   =     2036
INBND_POINT(     150) %  Y_INDEX   =        1
INBND_POINT(     150) %  CONNECT   = T


INBND_POINT(     151) %  X_INDEX   =     2037
INBND_POINT(     151) %  Y_INDEX   =        1
INBND_POINT(     151) %  CONNECT   = T


INBND_POINT(     152) %  X_INDEX   =     2038
INBND_POINT(     152) %  Y_INDEX   =        1
INBND_POINT(     152) %  CONNECT   = T


INBND_POINT(     153) %  X_INDEX   =     2039
INBND_POINT(     153) %  Y_INDEX   =        1
INBND_POINT(     153) %  CONNECT   = T


INBND_POINT(     154) %  X_INDEX   =     2040
INBND_POINT(     154) %  Y_INDEX   =        1
INBND_POINT(     154) %  CONNECT   = T


INBND_POINT(     155) %  X_INDEX   =     2041
INBND_POINT(     155) %  Y_INDEX   =        1
INBND_POINT(     155) %  CONNECT   = T


INBND_POINT(     156) %  X_INDEX   =     2042
INBND_POINT(     156) %  Y_INDEX   =        1
INBND_POINT(     156) %  CONNECT   = T


INBND_POINT(     157) %  X_INDEX   =     2043
INBND_POINT(     157) %  Y_INDEX   =        1
INBND_POINT(     157) %  CONNECT   = T


INBND_POINT(     158) %  X_INDEX   =     2044
INBND_POINT(     158) %  Y_INDEX   =        1
INBND_POINT(     158) %  CONNECT   = T


INBND_POINT(     159) %  X_INDEX   =     2045
INBND_POINT(     159) %  Y_INDEX   =        1
INBND_POINT(     159) %  CONNECT   = T


INBND_POINT(     160) %  X_INDEX   =     2046
INBND_POINT(     160) %  Y_INDEX   =        1
INBND_POINT(     160) %  CONNECT   = T


INBND_POINT(     161) %  X_INDEX   =     2047
INBND_POINT(     161) %  Y_INDEX   =        1
INBND_POINT(     161) %  CONNECT   = T


INBND_POINT(     162) %  X_INDEX   =     2048
INBND_POINT(     162) %  Y_INDEX   =        1
INBND_POINT(     162) %  CONNECT   = T


INBND_POINT(     163) %  X_INDEX   =     2049
INBND_POINT(     163) %  Y_INDEX   =        1
INBND_POINT(     163) %  CONNECT   = T


INBND_POINT(     164) %  X_INDEX   =     2050
INBND_POINT(     164) %  Y_INDEX   =        1
INBND_POINT(     164) %  CONNECT   = T


INBND_POINT(     165) %  X_INDEX   =     2051
INBND_POINT(     165) %  Y_INDEX   =        1
INBND_POINT(     165) %  CONNECT   = T


INBND_POINT(     166) %  X_INDEX   =     2052
INBND_POINT(     166) %  Y_INDEX   =        1
INBND_POINT(     166) %  CONNECT   = T


INBND_POINT(     167) %  X_INDEX   =     2053
INBND_POINT(     167) %  Y_INDEX   =        1
INBND_POINT(     167) %  CONNECT   = T


INBND_POINT(     168) %  X_INDEX   =     2054
INBND_POINT(     168) %  Y_INDEX   =        1
INBND_POINT(     168) %  CONNECT   = T


INBND_POINT(     169) %  X_INDEX   =     2055
INBND_POINT(     169) %  Y_INDEX   =        1
INBND_POINT(     169) %  CONNECT   = T


INBND_POINT(     170) %  X_INDEX   =     2056
INBND_POINT(     170) %  Y_INDEX   =        1
INBND_POINT(     170) %  CONNECT   = T


INBND_POINT(     171) %  X_INDEX   =     2057
INBND_POINT(     171) %  Y_INDEX   =        1
INBND_POINT(     171) %  CONNECT   = T


INBND_POINT(     172) %  X_INDEX   =     2058
INBND_POINT(     172) %  Y_INDEX   =        1
INBND_POINT(     172) %  CONNECT   = T


INBND_POINT(     173) %  X_INDEX   =     2059
INBND_POINT(     173) %  Y_INDEX   =        1
INBND_POINT(     173) %  CONNECT   = T


INBND_POINT(     174) %  X_INDEX   =     2060
INBND_POINT(     174) %  Y_INDEX   =        1
INBND_POINT(     174) %  CONNECT   = T


INBND_POINT(     175) %  X_INDEX   =     2061
INBND_POINT(     175) %  Y_INDEX   =        1
INBND_POINT(     175) %  CONNECT   = T


INBND_POINT(     176) %  X_INDEX   =     2062
INBND_POINT(     176) %  Y_INDEX   =        1
INBND_POINT(     176) %  CONNECT   = T


INBND_POINT(     177) %  X_INDEX   =     2063
INBND_POINT(     177) %  Y_INDEX   =        1
INBND_POINT(     177) %  CONNECT   = T


INBND_POINT(     178) %  X_INDEX   =     2064
INBND_POINT(     178) %  Y_INDEX   =        1
INBND_POINT(     178) %  CONNECT   = T


INBND_POINT(     179) %  X_INDEX   =     2065
INBND_POINT(     179) %  Y_INDEX   =        1
INBND_POINT(     179) %  CONNECT   = T


INBND_POINT(     180) %  X_INDEX   =     2066
INBND_POINT(     180) %  Y_INDEX   =        1
INBND_POINT(     180) %  CONNECT   = T


INBND_POINT(     181) %  X_INDEX   =     2067
INBND_POINT(     181) %  Y_INDEX   =        1
INBND_POINT(     181) %  CONNECT   = T


INBND_POINT(     182) %  X_INDEX   =     2068
INBND_POINT(     182) %  Y_INDEX   =        1
INBND_POINT(     182) %  CONNECT   = T


INBND_POINT(     183) %  X_INDEX   =     2069
INBND_POINT(     183) %  Y_INDEX   =        1
INBND_POINT(     183) %  CONNECT   = T


INBND_POINT(     184) %  X_INDEX   =     2070
INBND_POINT(     184) %  Y_INDEX   =        1
INBND_POINT(     184) %  CONNECT   = T


INBND_POINT(     185) %  X_INDEX   =     2071
INBND_POINT(     185) %  Y_INDEX   =        1
INBND_POINT(     185) %  CONNECT   = T


INBND_POINT(     186) %  X_INDEX   =     2072
INBND_POINT(     186) %  Y_INDEX   =        1
INBND_POINT(     186) %  CONNECT   = T


INBND_POINT(     187) %  X_INDEX   =     2073
INBND_POINT(     187) %  Y_INDEX   =        1
INBND_POINT(     187) %  CONNECT   = T


INBND_POINT(     188) %  X_INDEX   =     2074
INBND_POINT(     188) %  Y_INDEX   =        1
INBND_POINT(     188) %  CONNECT   = T


INBND_POINT(     189) %  X_INDEX   =     2075
INBND_POINT(     189) %  Y_INDEX   =        1
INBND_POINT(     189) %  CONNECT   = T


INBND_POINT(     190) %  X_INDEX   =     2076
INBND_POINT(     190) %  Y_INDEX   =        1
INBND_POINT(     190) %  CONNECT   = T


INBND_POINT(     191) %  X_INDEX   =     2077
INBND_POINT(     191) %  Y_INDEX   =        1
INBND_POINT(     191) %  CONNECT   = T


INBND_POINT(     192) %  X_INDEX   =     2078
INBND_POINT(     192) %  Y_INDEX   =        1
INBND_POINT(     192) %  CONNECT   = T


INBND_POINT(     193) %  X_INDEX   =     2079
INBND_POINT(     193) %  Y_INDEX   =        1
INBND_POINT(     193) %  CONNECT   = T


INBND_POINT(     194) %  X_INDEX   =     2080
INBND_POINT(     194) %  Y_INDEX   =        1
INBND_POINT(     194) %  CONNECT   = T


INBND_POINT(     195) %  X_INDEX   =     2081
INBND_POINT(     195) %  Y_INDEX   =        1
INBND_POINT(     195) %  CONNECT   = T


INBND_POINT(     196) %  X_INDEX   =     2082
INBND_POINT(     196) %  Y_INDEX   =        1
INBND_POINT(     196) %  CONNECT   = T


INBND_POINT(     197) %  X_INDEX   =     2083
INBND_POINT(     197) %  Y_INDEX   =        1
INBND_POINT(     197) %  CONNECT   = T


INBND_POINT(     198) %  X_INDEX   =     2084
INBND_POINT(     198) %  Y_INDEX   =        1
INBND_POINT(     198) %  CONNECT   = T


INBND_POINT(     199) %  X_INDEX   =     2085
INBND_POINT(     199) %  Y_INDEX   =        1
INBND_POINT(     199) %  CONNECT   = T


INBND_POINT(     200) %  X_INDEX   =     2086
INBND_POINT(     200) %  Y_INDEX   =        1
INBND_POINT(     200) %  CONNECT   = T


INBND_POINT(     201) %  X_INDEX   =     2087
INBND_POINT(     201) %  Y_INDEX   =        1
INBND_POINT(     201) %  CONNECT   = T


INBND_POINT(     202) %  X_INDEX   =     2088
INBND_POINT(     202) %  Y_INDEX   =        1
INBND_POINT(     202) %  CONNECT   = T


INBND_POINT(     203) %  X_INDEX   =     2089
INBND_POINT(     203) %  Y_INDEX   =        1
INBND_POINT(     203) %  CONNECT   = T


INBND_POINT(     204) %  X_INDEX   =     2090
INBND_POINT(     204) %  Y_INDEX   =        1
INBND_POINT(     204) %  CONNECT   = T


INBND_POINT(     205) %  X_INDEX   =     2091
INBND_POINT(     205) %  Y_INDEX   =        1
INBND_POINT(     205) %  CONNECT   = T


INBND_POINT(     206) %  X_INDEX   =     2092
INBND_POINT(     206) %  Y_INDEX   =        1
INBND_POINT(     206) %  CONNECT   = T


INBND_POINT(     207) %  X_INDEX   =     2093
INBND_POINT(     207) %  Y_INDEX   =        1
INBND_POINT(     207) %  CONNECT   = T


INBND_POINT(     208) %  X_INDEX   =     2094
INBND_POINT(     208) %  Y_INDEX   =        1
INBND_POINT(     208) %  CONNECT   = T


INBND_POINT(     209) %  X_INDEX   =     2095
INBND_POINT(     209) %  Y_INDEX   =        1
INBND_POINT(     209) %  CONNECT   = T


INBND_POINT(     210) %  X_INDEX   =     2096
INBND_POINT(     210) %  Y_INDEX   =        1
INBND_POINT(     210) %  CONNECT   = T


INBND_POINT(     211) %  X_INDEX   =     2097
INBND_POINT(     211) %  Y_INDEX   =        1
INBND_POINT(     211) %  CONNECT   = T


INBND_POINT(     212) %  X_INDEX   =     2098
INBND_POINT(     212) %  Y_INDEX   =        1
INBND_POINT(     212) %  CONNECT   = T


INBND_POINT(     213) %  X_INDEX   =     2099
INBND_POINT(     213) %  Y_INDEX   =        1
INBND_POINT(     213) %  CONNECT   = T


INBND_POINT(     214) %  X_INDEX   =     2100
INBND_POINT(     214) %  Y_INDEX   =        1
INBND_POINT(     214) %  CONNECT   = T


INBND_POINT(     215) %  X_INDEX   =     2101
INBND_POINT(     215) %  Y_INDEX   =        1
INBND_POINT(     215) %  CONNECT   = T


INBND_POINT(     216) %  X_INDEX   =     2102
INBND_POINT(     216) %  Y_INDEX   =        1
INBND_POINT(     216) %  CONNECT   = T


INBND_POINT(     217) %  X_INDEX   =     2103
INBND_POINT(     217) %  Y_INDEX   =        1
INBND_POINT(     217) %  CONNECT   = T


INBND_POINT(     218) %  X_INDEX   =     2104
INBND_POINT(     218) %  Y_INDEX   =        1
INBND_POINT(     218) %  CONNECT   = T


INBND_POINT(     219) %  X_INDEX   =     2105
INBND_POINT(     219) %  Y_INDEX   =        1
INBND_POINT(     219) %  CONNECT   = T


INBND_POINT(     220) %  X_INDEX   =     2106
INBND_POINT(     220) %  Y_INDEX   =        1
INBND_POINT(     220) %  CONNECT   = T


INBND_POINT(     221) %  X_INDEX   =     2107
INBND_POINT(     221) %  Y_INDEX   =        1
INBND_POINT(     221) %  CONNECT   = T


INBND_POINT(     222) %  X_INDEX   =     2108
INBND_POINT(     222) %  Y_INDEX   =        1
INBND_POINT(     222) %  CONNECT   = T


INBND_POINT(     223) %  X_INDEX   =     2109
INBND_POINT(     223) %  Y_INDEX   =        1
INBND_POINT(     223) %  CONNECT   = T


INBND_POINT(     224) %  X_INDEX   =     2110
INBND_POINT(     224) %  Y_INDEX   =        1
INBND_POINT(     224) %  CONNECT   = T


INBND_POINT(     225) %  X_INDEX   =     2111
INBND_POINT(     225) %  Y_INDEX   =        1
INBND_POINT(     225) %  CONNECT   = T


INBND_POINT(     226) %  X_INDEX   =     2112
INBND_POINT(     226) %  Y_INDEX   =        1
INBND_POINT(     226) %  CONNECT   = T


INBND_POINT(     227) %  X_INDEX   =     2113
INBND_POINT(     227) %  Y_INDEX   =        1
INBND_POINT(     227) %  CONNECT   = T


INBND_POINT(     228) %  X_INDEX   =     2114
INBND_POINT(     228) %  Y_INDEX   =        1
INBND_POINT(     228) %  CONNECT   = T


INBND_POINT(     229) %  X_INDEX   =     2115
INBND_POINT(     229) %  Y_INDEX   =        1
INBND_POINT(     229) %  CONNECT   = T


INBND_POINT(     230) %  X_INDEX   =     2116
INBND_POINT(     230) %  Y_INDEX   =        1
INBND_POINT(     230) %  CONNECT   = T


INBND_POINT(     231) %  X_INDEX   =     2117
INBND_POINT(     231) %  Y_INDEX   =        1
INBND_POINT(     231) %  CONNECT   = T


INBND_POINT(     232) %  X_INDEX   =     2118
INBND_POINT(     232) %  Y_INDEX   =        1
INBND_POINT(     232) %  CONNECT   = T


INBND_POINT(     233) %  X_INDEX   =     2119
INBND_POINT(     233) %  Y_INDEX   =        1
INBND_POINT(     233) %  CONNECT   = T


INBND_POINT(     234) %  X_INDEX   =     2120
INBND_POINT(     234) %  Y_INDEX   =        1
INBND_POINT(     234) %  CONNECT   = T


INBND_POINT(     235) %  X_INDEX   =     2121
INBND_POINT(     235) %  Y_INDEX   =        1
INBND_POINT(     235) %  CONNECT   = T


INBND_POINT(     236) %  X_INDEX   =     2122
INBND_POINT(     236) %  Y_INDEX   =        1
INBND_POINT(     236) %  CONNECT   = T


INBND_POINT(     237) %  X_INDEX   =     2123
INBND_POINT(     237) %  Y_INDEX   =        1
INBND_POINT(     237) %  CONNECT   = T


INBND_POINT(     238) %  X_INDEX   =     2124
INBND_POINT(     238) %  Y_INDEX   =        1
INBND_POINT(     238) %  CONNECT   = T


INBND_POINT(     239) %  X_INDEX   =     2125
INBND_POINT(     239) %  Y_INDEX   =        1
INBND_POINT(     239) %  CONNECT   = T


INBND_POINT(     240) %  X_INDEX   =     2126
INBND_POINT(     240) %  Y_INDEX   =        1
INBND_POINT(     240) %  CONNECT   = T


INBND_POINT(     241) %  X_INDEX   =     2127
INBND_POINT(     241) %  Y_INDEX   =        1
INBND_POINT(     241) %  CONNECT   = T


INBND_POINT(     242) %  X_INDEX   =     2128
INBND_POINT(     242) %  Y_INDEX   =        1
INBND_POINT(     242) %  CONNECT   = T


INBND_POINT(     243) %  X_INDEX   =     2129
INBND_POINT(     243) %  Y_INDEX   =        1
INBND_POINT(     243) %  CONNECT   = T


INBND_POINT(     244) %  X_INDEX   =     2130
INBND_POINT(     244) %  Y_INDEX   =        1
INBND_POINT(     244) %  CONNECT   = T


INBND_POINT(     245) %  X_INDEX   =     2131
INBND_POINT(     245) %  Y_INDEX   =        1
INBND_POINT(     245) %  CONNECT   = T


INBND_POINT(     246) %  X_INDEX   =     2132
INBND_POINT(     246) %  Y_INDEX   =        1
INBND_POINT(     246) %  CONNECT   = T


INBND_POINT(     247) %  X_INDEX   =     2133
INBND_POINT(     247) %  Y_INDEX   =        1
INBND_POINT(     247) %  CONNECT   = T


INBND_POINT(     248) %  X_INDEX   =     2134
INBND_POINT(     248) %  Y_INDEX   =        1
INBND_POINT(     248) %  CONNECT   = T


INBND_POINT(     249) %  X_INDEX   =     2135
INBND_POINT(     249) %  Y_INDEX   =        1
INBND_POINT(     249) %  CONNECT   = T


INBND_POINT(     250) %  X_INDEX   =     2136
INBND_POINT(     250) %  Y_INDEX   =        1
INBND_POINT(     250) %  CONNECT   = T


INBND_POINT(     251) %  X_INDEX   =     2137
INBND_POINT(     251) %  Y_INDEX   =        1
INBND_POINT(     251) %  CONNECT   = T


INBND_POINT(     252) %  X_INDEX   =     2138
INBND_POINT(     252) %  Y_INDEX   =        1
INBND_POINT(     252) %  CONNECT   = T


INBND_POINT(     253) %  X_INDEX   =     2139
INBND_POINT(     253) %  Y_INDEX   =        1
INBND_POINT(     253) %  CONNECT   = T


INBND_POINT(     254) %  X_INDEX   =     2140
INBND_POINT(     254) %  Y_INDEX   =        1
INBND_POINT(     254) %  CONNECT   = T


INBND_POINT(     255) %  X_INDEX   =     2141
INBND_POINT(     255) %  Y_INDEX   =        1
INBND_POINT(     255) %  CONNECT   = T


INBND_POINT(     256) %  X_INDEX   =     2142
INBND_POINT(     256) %  Y_INDEX   =        1
INBND_POINT(     256) %  CONNECT   = T


INBND_POINT(     257) %  X_INDEX   =     2143
INBND_POINT(     257) %  Y_INDEX   =        1
INBND_POINT(     257) %  CONNECT   = T


INBND_POINT(     258) %  X_INDEX   =     2144
INBND_POINT(     258) %  Y_INDEX   =        1
INBND_POINT(     258) %  CONNECT   = T


INBND_POINT(     259) %  X_INDEX   =     2145
INBND_POINT(     259) %  Y_INDEX   =        1
INBND_POINT(     259) %  CONNECT   = T


INBND_POINT(     260) %  X_INDEX   =     2146
INBND_POINT(     260) %  Y_INDEX   =        1
INBND_POINT(     260) %  CONNECT   = T


INBND_POINT(     261) %  X_INDEX   =     2147
INBND_POINT(     261) %  Y_INDEX   =        1
INBND_POINT(     261) %  CONNECT   = T


INBND_POINT(     262) %  X_INDEX   =     2148
INBND_POINT(     262) %  Y_INDEX   =        1
INBND_POINT(     262) %  CONNECT   = T


INBND_POINT(     263) %  X_INDEX   =     2149
INBND_POINT(     263) %  Y_INDEX   =        1
INBND_POINT(     263) %  CONNECT   = T


INBND_POINT(     264) %  X_INDEX   =     2150
INBND_POINT(     264) %  Y_INDEX   =        1
INBND_POINT(     264) %  CONNECT   = T


INBND_POINT(     265) %  X_INDEX   =     2151
INBND_POINT(     265) %  Y_INDEX   =        1
INBND_POINT(     265) %  CONNECT   = T


INBND_POINT(     266) %  X_INDEX   =     2152
INBND_POINT(     266) %  Y_INDEX   =        1
INBND_POINT(     266) %  CONNECT   = T


INBND_POINT(     267) %  X_INDEX   =     2153
INBND_POINT(     267) %  Y_INDEX   =        1
INBND_POINT(     267) %  CONNECT   = T


INBND_POINT(     268) %  X_INDEX   =     2154
INBND_POINT(     268) %  Y_INDEX   =        1
INBND_POINT(     268) %  CONNECT   = T


INBND_POINT(     269) %  X_INDEX   =     2155
INBND_POINT(     269) %  Y_INDEX   =        1
INBND_POINT(     269) %  CONNECT   = T


INBND_POINT(     270) %  X_INDEX   =     2156
INBND_POINT(     270) %  Y_INDEX   =        1
INBND_POINT(     270) %  CONNECT   = T


INBND_POINT(     271) %  X_INDEX   =     2157
INBND_POINT(     271) %  Y_INDEX   =        1
INBND_POINT(     271) %  CONNECT   = T


INBND_POINT(     272) %  X_INDEX   =     2158
INBND_POINT(     272) %  Y_INDEX   =        1
INBND_POINT(     272) %  CONNECT   = T


INBND_POINT(     273) %  X_INDEX   =     2159
INBND_POINT(     273) %  Y_INDEX   =        1
INBND_POINT(     273) %  CONNECT   = T


INBND_POINT(     274) %  X_INDEX   =     2160
INBND_POINT(     274) %  Y_INDEX   =        1
INBND_POINT(     274) %  CONNECT   = T


INBND_POINT(     275) %  X_INDEX   =     2161
INBND_POINT(     275) %  Y_INDEX   =        1
INBND_POINT(     275) %  CONNECT   = T


INBND_POINT(     276) %  X_INDEX   =     2162
INBND_POINT(     276) %  Y_INDEX   =        1
INBND_POINT(     276) %  CONNECT   = T


INBND_POINT(     277) %  X_INDEX   =     2163
INBND_POINT(     277) %  Y_INDEX   =        1
INBND_POINT(     277) %  CONNECT   = T


INBND_POINT(     278) %  X_INDEX   =     2164
INBND_POINT(     278) %  Y_INDEX   =        1
INBND_POINT(     278) %  CONNECT   = T


INBND_POINT(     279) %  X_INDEX   =     2165
INBND_POINT(     279) %  Y_INDEX   =        1
INBND_POINT(     279) %  CONNECT   = T


INBND_POINT(     280) %  X_INDEX   =     2166
INBND_POINT(     280) %  Y_INDEX   =        1
INBND_POINT(     280) %  CONNECT   = T


INBND_POINT(     281) %  X_INDEX   =     2167
INBND_POINT(     281) %  Y_INDEX   =        1
INBND_POINT(     281) %  CONNECT   = T


INBND_POINT(     282) %  X_INDEX   =     2168
INBND_POINT(     282) %  Y_INDEX   =        1
INBND_POINT(     282) %  CONNECT   = T


INBND_POINT(     283) %  X_INDEX   =     2169
INBND_POINT(     283) %  Y_INDEX   =        1
INBND_POINT(     283) %  CONNECT   = T


INBND_POINT(     284) %  X_INDEX   =     2170
INBND_POINT(     284) %  Y_INDEX   =        1
INBND_POINT(     284) %  CONNECT   = T


INBND_POINT(     285) %  X_INDEX   =     2171
INBND_POINT(     285) %  Y_INDEX   =        1
INBND_POINT(     285) %  CONNECT   = T


INBND_POINT(     286) %  X_INDEX   =     2172
INBND_POINT(     286) %  Y_INDEX   =        1
INBND_POINT(     286) %  CONNECT   = T


INBND_POINT(     287) %  X_INDEX   =     2173
INBND_POINT(     287) %  Y_INDEX   =        1
INBND_POINT(     287) %  CONNECT   = T


INBND_POINT(     288) %  X_INDEX   =     2174
INBND_POINT(     288) %  Y_INDEX   =        1
INBND_POINT(     288) %  CONNECT   = T


INBND_POINT(     289) %  X_INDEX   =     2175
INBND_POINT(     289) %  Y_INDEX   =        1
INBND_POINT(     289) %  CONNECT   = T


INBND_POINT(     290) %  X_INDEX   =     2176
INBND_POINT(     290) %  Y_INDEX   =        1
INBND_POINT(     290) %  CONNECT   = T


INBND_POINT(     291) %  X_INDEX   =     2177
INBND_POINT(     291) %  Y_INDEX   =        1
INBND_POINT(     291) %  CONNECT   = T


INBND_POINT(     292) %  X_INDEX   =     2178
INBND_POINT(     292) %  Y_INDEX   =        1
INBND_POINT(     292) %  CONNECT   = T


INBND_POINT(     293) %  X_INDEX   =     2179
INBND_POINT(     293) %  Y_INDEX   =        1
INBND_POINT(     293) %  CONNECT   = T


INBND_POINT(     294) %  X_INDEX   =     2180
INBND_POINT(     294) %  Y_INDEX   =        1
INBND_POINT(     294) %  CONNECT   = T


INBND_POINT(     295) %  X_INDEX   =     2181
INBND_POINT(     295) %  Y_INDEX   =        1
INBND_POINT(     295) %  CONNECT   = T


INBND_POINT(     296) %  X_INDEX   =     2182
INBND_POINT(     296) %  Y_INDEX   =        1
INBND_POINT(     296) %  CONNECT   = T


INBND_POINT(     297) %  X_INDEX   =     2183
INBND_POINT(     297) %  Y_INDEX   =        1
INBND_POINT(     297) %  CONNECT   = T


INBND_POINT(     298) %  X_INDEX   =     2184
INBND_POINT(     298) %  Y_INDEX   =        1
INBND_POINT(     298) %  CONNECT   = T


INBND_POINT(     299) %  X_INDEX   =     2185
INBND_POINT(     299) %  Y_INDEX   =        1
INBND_POINT(     299) %  CONNECT   = T


INBND_POINT(     300) %  X_INDEX   =     2186
INBND_POINT(     300) %  Y_INDEX   =        1
INBND_POINT(     300) %  CONNECT   = T


INBND_POINT(     301) %  X_INDEX   =     2187
INBND_POINT(     301) %  Y_INDEX   =        1
INBND_POINT(     301) %  CONNECT   = T


INBND_POINT(     302) %  X_INDEX   =     2188
INBND_POINT(     302) %  Y_INDEX   =        1
INBND_POINT(     302) %  CONNECT   = T


INBND_POINT(     303) %  X_INDEX   =     2189
INBND_POINT(     303) %  Y_INDEX   =        1
INBND_POINT(     303) %  CONNECT   = T


INBND_POINT(     304) %  X_INDEX   =     2190
INBND_POINT(     304) %  Y_INDEX   =        1
INBND_POINT(     304) %  CONNECT   = T


INBND_POINT(     305) %  X_INDEX   =     2191
INBND_POINT(     305) %  Y_INDEX   =        1
INBND_POINT(     305) %  CONNECT   = T


INBND_POINT(     306) %  X_INDEX   =     2192
INBND_POINT(     306) %  Y_INDEX   =        1
INBND_POINT(     306) %  CONNECT   = T


INBND_POINT(     307) %  X_INDEX   =     2193
INBND_POINT(     307) %  Y_INDEX   =        1
INBND_POINT(     307) %  CONNECT   = T


INBND_POINT(     308) %  X_INDEX   =     2194
INBND_POINT(     308) %  Y_INDEX   =        1
INBND_POINT(     308) %  CONNECT   = T


INBND_POINT(     309) %  X_INDEX   =     2195
INBND_POINT(     309) %  Y_INDEX   =        1
INBND_POINT(     309) %  CONNECT   = T


INBND_POINT(     310) %  X_INDEX   =     2196
INBND_POINT(     310) %  Y_INDEX   =        1
INBND_POINT(     310) %  CONNECT   = T


INBND_POINT(     311) %  X_INDEX   =     2197
INBND_POINT(     311) %  Y_INDEX   =        1
INBND_POINT(     311) %  CONNECT   = T


INBND_POINT(     312) %  X_INDEX   =     2198
INBND_POINT(     312) %  Y_INDEX   =        1
INBND_POINT(     312) %  CONNECT   = T


INBND_POINT(     313) %  X_INDEX   =     2199
INBND_POINT(     313) %  Y_INDEX   =        1
INBND_POINT(     313) %  CONNECT   = T


INBND_POINT(     314) %  X_INDEX   =     2200
INBND_POINT(     314) %  Y_INDEX   =        1
INBND_POINT(     314) %  CONNECT   = T


INBND_POINT(     315) %  X_INDEX   =     2201
INBND_POINT(     315) %  Y_INDEX   =        1
INBND_POINT(     315) %  CONNECT   = T


INBND_POINT(     316) %  X_INDEX   =     2202
INBND_POINT(     316) %  Y_INDEX   =        1
INBND_POINT(     316) %  CONNECT   = T


INBND_POINT(     317) %  X_INDEX   =     2203
INBND_POINT(     317) %  Y_INDEX   =        1
INBND_POINT(     317) %  CONNECT   = T


INBND_POINT(     318) %  X_INDEX   =     2204
INBND_POINT(     318) %  Y_INDEX   =        1
INBND_POINT(     318) %  CONNECT   = T


INBND_POINT(     319) %  X_INDEX   =     2205
INBND_POINT(     319) %  Y_INDEX   =        1
INBND_POINT(     319) %  CONNECT   = T


INBND_POINT(     320) %  X_INDEX   =     2206
INBND_POINT(     320) %  Y_INDEX   =        1
INBND_POINT(     320) %  CONNECT   = T


INBND_POINT(     321) %  X_INDEX   =     2207
INBND_POINT(     321) %  Y_INDEX   =        1
INBND_POINT(     321) %  CONNECT   = T


INBND_POINT(     322) %  X_INDEX   =     2208
INBND_POINT(     322) %  Y_INDEX   =        1
INBND_POINT(     322) %  CONNECT   = T


INBND_POINT(     323) %  X_INDEX   =     2209
INBND_POINT(     323) %  Y_INDEX   =        1
INBND_POINT(     323) %  CONNECT   = T


INBND_POINT(     324) %  X_INDEX   =     2210
INBND_POINT(     324) %  Y_INDEX   =        1
INBND_POINT(     324) %  CONNECT   = T


INBND_POINT(     325) %  X_INDEX   =     2211
INBND_POINT(     325) %  Y_INDEX   =        1
INBND_POINT(     325) %  CONNECT   = T


INBND_POINT(     326) %  X_INDEX   =     2212
INBND_POINT(     326) %  Y_INDEX   =        1
INBND_POINT(     326) %  CONNECT   = T


INBND_POINT(     327) %  X_INDEX   =     2213
INBND_POINT(     327) %  Y_INDEX   =        1
INBND_POINT(     327) %  CONNECT   = T


INBND_POINT(     328) %  X_INDEX   =     2214
INBND_POINT(     328) %  Y_INDEX   =        1
INBND_POINT(     328) %  CONNECT   = T


INBND_POINT(     329) %  X_INDEX   =     2215
INBND_POINT(     329) %  Y_INDEX   =        1
INBND_POINT(     329) %  CONNECT   = T


INBND_POINT(     330) %  X_INDEX   =     2216
INBND_POINT(     330) %  Y_INDEX   =        1
INBND_POINT(     330) %  CONNECT   = T


INBND_POINT(     331) %  X_INDEX   =     2217
INBND_POINT(     331) %  Y_INDEX   =        1
INBND_POINT(     331) %  CONNECT   = T


INBND_POINT(     332) %  X_INDEX   =     2218
INBND_POINT(     332) %  Y_INDEX   =        1
INBND_POINT(     332) %  CONNECT   = T


INBND_POINT(     333) %  X_INDEX   =     2219
INBND_POINT(     333) %  Y_INDEX   =        1
INBND_POINT(     333) %  CONNECT   = T


INBND_POINT(     334) %  X_INDEX   =     2220
INBND_POINT(     334) %  Y_INDEX   =        1
INBND_POINT(     334) %  CONNECT   = T


INBND_POINT(     335) %  X_INDEX   =        1
INBND_POINT(     335) %  Y_INDEX   =     1055
INBND_POINT(     335) %  CONNECT   = F


INBND_POINT(     336) %  X_INDEX   =        1
INBND_POINT(     336) %  Y_INDEX   =     1054
INBND_POINT(     336) %  CONNECT   = T


INBND_POINT(     337) %  X_INDEX   =        1
INBND_POINT(     337) %  Y_INDEX   =     1053
INBND_POINT(     337) %  CONNECT   = T


INBND_POINT(     338) %  X_INDEX   =        1
INBND_POINT(     338) %  Y_INDEX   =     1052
INBND_POINT(     338) %  CONNECT   = T


INBND_POINT(     339) %  X_INDEX   =        1
INBND_POINT(     339) %  Y_INDEX   =     1051
INBND_POINT(     339) %  CONNECT   = T


INBND_POINT(     340) %  X_INDEX   =        1
INBND_POINT(     340) %  Y_INDEX   =     1050
INBND_POINT(     340) %  CONNECT   = T


INBND_POINT(     341) %  X_INDEX   =        1
INBND_POINT(     341) %  Y_INDEX   =     1049
INBND_POINT(     341) %  CONNECT   = T


INBND_POINT(     342) %  X_INDEX   =        1
INBND_POINT(     342) %  Y_INDEX   =     1048
INBND_POINT(     342) %  CONNECT   = T


INBND_POINT(     343) %  X_INDEX   =        1
INBND_POINT(     343) %  Y_INDEX   =     1047
INBND_POINT(     343) %  CONNECT   = T


INBND_POINT(     344) %  X_INDEX   =        1
INBND_POINT(     344) %  Y_INDEX   =     1046
INBND_POINT(     344) %  CONNECT   = T


INBND_POINT(     345) %  X_INDEX   =        1
INBND_POINT(     345) %  Y_INDEX   =     1045
INBND_POINT(     345) %  CONNECT   = T


INBND_POINT(     346) %  X_INDEX   =        1
INBND_POINT(     346) %  Y_INDEX   =     1044
INBND_POINT(     346) %  CONNECT   = T


INBND_POINT(     347) %  X_INDEX   =        1
INBND_POINT(     347) %  Y_INDEX   =     1043
INBND_POINT(     347) %  CONNECT   = T


INBND_POINT(     348) %  X_INDEX   =        1
INBND_POINT(     348) %  Y_INDEX   =     1042
INBND_POINT(     348) %  CONNECT   = T


INBND_POINT(     349) %  X_INDEX   =        1
INBND_POINT(     349) %  Y_INDEX   =     1041
INBND_POINT(     349) %  CONNECT   = T


INBND_POINT(     350) %  X_INDEX   =        1
INBND_POINT(     350) %  Y_INDEX   =     1040
INBND_POINT(     350) %  CONNECT   = T


INBND_POINT(     351) %  X_INDEX   =        1
INBND_POINT(     351) %  Y_INDEX   =     1039
INBND_POINT(     351) %  CONNECT   = T


INBND_POINT(     352) %  X_INDEX   =        1
INBND_POINT(     352) %  Y_INDEX   =     1038
INBND_POINT(     352) %  CONNECT   = T


INBND_POINT(     353) %  X_INDEX   =        1
INBND_POINT(     353) %  Y_INDEX   =     1037
INBND_POINT(     353) %  CONNECT   = T


INBND_POINT(     354) %  X_INDEX   =        1
INBND_POINT(     354) %  Y_INDEX   =     1036
INBND_POINT(     354) %  CONNECT   = T


INBND_POINT(     355) %  X_INDEX   =        1
INBND_POINT(     355) %  Y_INDEX   =     1035
INBND_POINT(     355) %  CONNECT   = T


INBND_POINT(     356) %  X_INDEX   =        1
INBND_POINT(     356) %  Y_INDEX   =     1034
INBND_POINT(     356) %  CONNECT   = T


INBND_POINT(     357) %  X_INDEX   =        1
INBND_POINT(     357) %  Y_INDEX   =     1033
INBND_POINT(     357) %  CONNECT   = T


INBND_POINT(     358) %  X_INDEX   =        1
INBND_POINT(     358) %  Y_INDEX   =     1032
INBND_POINT(     358) %  CONNECT   = T


INBND_POINT(     359) %  X_INDEX   =        1
INBND_POINT(     359) %  Y_INDEX   =     1031
INBND_POINT(     359) %  CONNECT   = T


INBND_POINT(     360) %  X_INDEX   =        1
INBND_POINT(     360) %  Y_INDEX   =     1030
INBND_POINT(     360) %  CONNECT   = T


INBND_POINT(     361) %  X_INDEX   =        1
INBND_POINT(     361) %  Y_INDEX   =     1029
INBND_POINT(     361) %  CONNECT   = T


INBND_POINT(     362) %  X_INDEX   =        1
INBND_POINT(     362) %  Y_INDEX   =     1028
INBND_POINT(     362) %  CONNECT   = T


INBND_POINT(     363) %  X_INDEX   =        1
INBND_POINT(     363) %  Y_INDEX   =     1027
INBND_POINT(     363) %  CONNECT   = T


INBND_POINT(     364) %  X_INDEX   =        1
INBND_POINT(     364) %  Y_INDEX   =     1026
INBND_POINT(     364) %  CONNECT   = T


INBND_POINT(     365) %  X_INDEX   =        1
INBND_POINT(     365) %  Y_INDEX   =     1025
INBND_POINT(     365) %  CONNECT   = T


INBND_POINT(     366) %  X_INDEX   =        1
INBND_POINT(     366) %  Y_INDEX   =     1024
INBND_POINT(     366) %  CONNECT   = T


INBND_POINT(     367) %  X_INDEX   =        1
INBND_POINT(     367) %  Y_INDEX   =     1023
INBND_POINT(     367) %  CONNECT   = T


INBND_POINT(     368) %  X_INDEX   =        1
INBND_POINT(     368) %  Y_INDEX   =     1022
INBND_POINT(     368) %  CONNECT   = T


INBND_POINT(     369) %  X_INDEX   =        1
INBND_POINT(     369) %  Y_INDEX   =     1021
INBND_POINT(     369) %  CONNECT   = T


INBND_POINT(     370) %  X_INDEX   =        1
INBND_POINT(     370) %  Y_INDEX   =     1020
INBND_POINT(     370) %  CONNECT   = T


INBND_POINT(     371) %  X_INDEX   =        1
INBND_POINT(     371) %  Y_INDEX   =     1019
INBND_POINT(     371) %  CONNECT   = T


INBND_POINT(     372) %  X_INDEX   =        1
INBND_POINT(     372) %  Y_INDEX   =     1018
INBND_POINT(     372) %  CONNECT   = T


INBND_POINT(     373) %  X_INDEX   =        1
INBND_POINT(     373) %  Y_INDEX   =     1017
INBND_POINT(     373) %  CONNECT   = T


INBND_POINT(     374) %  X_INDEX   =        1
INBND_POINT(     374) %  Y_INDEX   =     1016
INBND_POINT(     374) %  CONNECT   = T


INBND_POINT(     375) %  X_INDEX   =        1
INBND_POINT(     375) %  Y_INDEX   =     1015
INBND_POINT(     375) %  CONNECT   = T


INBND_POINT(     376) %  X_INDEX   =        1
INBND_POINT(     376) %  Y_INDEX   =     1014
INBND_POINT(     376) %  CONNECT   = T


INBND_POINT(     377) %  X_INDEX   =        1
INBND_POINT(     377) %  Y_INDEX   =     1013
INBND_POINT(     377) %  CONNECT   = T


INBND_POINT(     378) %  X_INDEX   =        1
INBND_POINT(     378) %  Y_INDEX   =     1012
INBND_POINT(     378) %  CONNECT   = T


INBND_POINT(     379) %  X_INDEX   =        1
INBND_POINT(     379) %  Y_INDEX   =     1011
INBND_POINT(     379) %  CONNECT   = T


INBND_POINT(     380) %  X_INDEX   =        1
INBND_POINT(     380) %  Y_INDEX   =     1010
INBND_POINT(     380) %  CONNECT   = T


INBND_POINT(     381) %  X_INDEX   =        1
INBND_POINT(     381) %  Y_INDEX   =     1009
INBND_POINT(     381) %  CONNECT   = T


INBND_POINT(     382) %  X_INDEX   =        1
INBND_POINT(     382) %  Y_INDEX   =     1008
INBND_POINT(     382) %  CONNECT   = T


INBND_POINT(     383) %  X_INDEX   =        1
INBND_POINT(     383) %  Y_INDEX   =     1007
INBND_POINT(     383) %  CONNECT   = T


INBND_POINT(     384) %  X_INDEX   =        1
INBND_POINT(     384) %  Y_INDEX   =     1006
INBND_POINT(     384) %  CONNECT   = T


INBND_POINT(     385) %  X_INDEX   =        1
INBND_POINT(     385) %  Y_INDEX   =     1005
INBND_POINT(     385) %  CONNECT   = T


INBND_POINT(     386) %  X_INDEX   =        1
INBND_POINT(     386) %  Y_INDEX   =     1004
INBND_POINT(     386) %  CONNECT   = T


INBND_POINT(     387) %  X_INDEX   =        1
INBND_POINT(     387) %  Y_INDEX   =     1003
INBND_POINT(     387) %  CONNECT   = T


INBND_POINT(     388) %  X_INDEX   =        1
INBND_POINT(     388) %  Y_INDEX   =     1002
INBND_POINT(     388) %  CONNECT   = T


INBND_POINT(     389) %  X_INDEX   =        1
INBND_POINT(     389) %  Y_INDEX   =     1001
INBND_POINT(     389) %  CONNECT   = T


INBND_POINT(     390) %  X_INDEX   =        1
INBND_POINT(     390) %  Y_INDEX   =     1000
INBND_POINT(     390) %  CONNECT   = T


INBND_POINT(     391) %  X_INDEX   =        1
INBND_POINT(     391) %  Y_INDEX   =      999
INBND_POINT(     391) %  CONNECT   = T


INBND_POINT(     392) %  X_INDEX   =        1
INBND_POINT(     392) %  Y_INDEX   =      998
INBND_POINT(     392) %  CONNECT   = T


INBND_POINT(     393) %  X_INDEX   =        1
INBND_POINT(     393) %  Y_INDEX   =      997
INBND_POINT(     393) %  CONNECT   = T


INBND_POINT(     394) %  X_INDEX   =        1
INBND_POINT(     394) %  Y_INDEX   =      996
INBND_POINT(     394) %  CONNECT   = T


INBND_POINT(     395) %  X_INDEX   =        1
INBND_POINT(     395) %  Y_INDEX   =      995
INBND_POINT(     395) %  CONNECT   = T


INBND_POINT(     396) %  X_INDEX   =        1
INBND_POINT(     396) %  Y_INDEX   =      994
INBND_POINT(     396) %  CONNECT   = T


INBND_POINT(     397) %  X_INDEX   =        1
INBND_POINT(     397) %  Y_INDEX   =      993
INBND_POINT(     397) %  CONNECT   = T


INBND_POINT(     398) %  X_INDEX   =        1
INBND_POINT(     398) %  Y_INDEX   =      992
INBND_POINT(     398) %  CONNECT   = T


INBND_POINT(     399) %  X_INDEX   =        1
INBND_POINT(     399) %  Y_INDEX   =      991
INBND_POINT(     399) %  CONNECT   = T


INBND_POINT(     400) %  X_INDEX   =        1
INBND_POINT(     400) %  Y_INDEX   =      990
INBND_POINT(     400) %  CONNECT   = T


INBND_POINT(     401) %  X_INDEX   =        1
INBND_POINT(     401) %  Y_INDEX   =      989
INBND_POINT(     401) %  CONNECT   = T


INBND_POINT(     402) %  X_INDEX   =        1
INBND_POINT(     402) %  Y_INDEX   =      988
INBND_POINT(     402) %  CONNECT   = T


INBND_POINT(     403) %  X_INDEX   =        1
INBND_POINT(     403) %  Y_INDEX   =      987
INBND_POINT(     403) %  CONNECT   = T


INBND_POINT(     404) %  X_INDEX   =        1
INBND_POINT(     404) %  Y_INDEX   =      986
INBND_POINT(     404) %  CONNECT   = T


INBND_POINT(     405) %  X_INDEX   =        1
INBND_POINT(     405) %  Y_INDEX   =      985
INBND_POINT(     405) %  CONNECT   = T


INBND_POINT(     406) %  X_INDEX   =        1
INBND_POINT(     406) %  Y_INDEX   =      984
INBND_POINT(     406) %  CONNECT   = T


INBND_POINT(     407) %  X_INDEX   =        1
INBND_POINT(     407) %  Y_INDEX   =      983
INBND_POINT(     407) %  CONNECT   = T


INBND_POINT(     408) %  X_INDEX   =        1
INBND_POINT(     408) %  Y_INDEX   =      982
INBND_POINT(     408) %  CONNECT   = T


INBND_POINT(     409) %  X_INDEX   =        1
INBND_POINT(     409) %  Y_INDEX   =      981
INBND_POINT(     409) %  CONNECT   = T


INBND_POINT(     410) %  X_INDEX   =        1
INBND_POINT(     410) %  Y_INDEX   =      980
INBND_POINT(     410) %  CONNECT   = T


INBND_POINT(     411) %  X_INDEX   =        1
INBND_POINT(     411) %  Y_INDEX   =      979
INBND_POINT(     411) %  CONNECT   = T


INBND_POINT(     412) %  X_INDEX   =        1
INBND_POINT(     412) %  Y_INDEX   =      978
INBND_POINT(     412) %  CONNECT   = T


INBND_POINT(     413) %  X_INDEX   =        1
INBND_POINT(     413) %  Y_INDEX   =      977
INBND_POINT(     413) %  CONNECT   = T


INBND_POINT(     414) %  X_INDEX   =        1
INBND_POINT(     414) %  Y_INDEX   =      976
INBND_POINT(     414) %  CONNECT   = T


INBND_POINT(     415) %  X_INDEX   =        1
INBND_POINT(     415) %  Y_INDEX   =      975
INBND_POINT(     415) %  CONNECT   = T


INBND_POINT(     416) %  X_INDEX   =        1
INBND_POINT(     416) %  Y_INDEX   =      974
INBND_POINT(     416) %  CONNECT   = T


INBND_POINT(     417) %  X_INDEX   =        1
INBND_POINT(     417) %  Y_INDEX   =      973
INBND_POINT(     417) %  CONNECT   = T


INBND_POINT(     418) %  X_INDEX   =        1
INBND_POINT(     418) %  Y_INDEX   =      972
INBND_POINT(     418) %  CONNECT   = T


INBND_POINT(     419) %  X_INDEX   =        1
INBND_POINT(     419) %  Y_INDEX   =      971
INBND_POINT(     419) %  CONNECT   = T


INBND_POINT(     420) %  X_INDEX   =        1
INBND_POINT(     420) %  Y_INDEX   =      970
INBND_POINT(     420) %  CONNECT   = T


INBND_POINT(     421) %  X_INDEX   =        1
INBND_POINT(     421) %  Y_INDEX   =      969
INBND_POINT(     421) %  CONNECT   = T


INBND_POINT(     422) %  X_INDEX   =        1
INBND_POINT(     422) %  Y_INDEX   =      968
INBND_POINT(     422) %  CONNECT   = T


INBND_POINT(     423) %  X_INDEX   =        1
INBND_POINT(     423) %  Y_INDEX   =      967
INBND_POINT(     423) %  CONNECT   = T


INBND_POINT(     424) %  X_INDEX   =        1
INBND_POINT(     424) %  Y_INDEX   =      966
INBND_POINT(     424) %  CONNECT   = T


INBND_POINT(     425) %  X_INDEX   =        1
INBND_POINT(     425) %  Y_INDEX   =      965
INBND_POINT(     425) %  CONNECT   = T


INBND_POINT(     426) %  X_INDEX   =        1
INBND_POINT(     426) %  Y_INDEX   =      964
INBND_POINT(     426) %  CONNECT   = T


INBND_POINT(     427) %  X_INDEX   =        1
INBND_POINT(     427) %  Y_INDEX   =      963
INBND_POINT(     427) %  CONNECT   = T


INBND_POINT(     428) %  X_INDEX   =        1
INBND_POINT(     428) %  Y_INDEX   =      962
INBND_POINT(     428) %  CONNECT   = T


INBND_POINT(     429) %  X_INDEX   =        1
INBND_POINT(     429) %  Y_INDEX   =      961
INBND_POINT(     429) %  CONNECT   = T


INBND_POINT(     430) %  X_INDEX   =        1
INBND_POINT(     430) %  Y_INDEX   =      960
INBND_POINT(     430) %  CONNECT   = T


INBND_POINT(     431) %  X_INDEX   =        1
INBND_POINT(     431) %  Y_INDEX   =      959
INBND_POINT(     431) %  CONNECT   = T


INBND_POINT(     432) %  X_INDEX   =        1
INBND_POINT(     432) %  Y_INDEX   =      958
INBND_POINT(     432) %  CONNECT   = T


INBND_POINT(     433) %  X_INDEX   =        1
INBND_POINT(     433) %  Y_INDEX   =      957
INBND_POINT(     433) %  CONNECT   = T


INBND_POINT(     434) %  X_INDEX   =        1
INBND_POINT(     434) %  Y_INDEX   =      956
INBND_POINT(     434) %  CONNECT   = T


INBND_POINT(     435) %  X_INDEX   =        1
INBND_POINT(     435) %  Y_INDEX   =      955
INBND_POINT(     435) %  CONNECT   = T


INBND_POINT(     436) %  X_INDEX   =        1
INBND_POINT(     436) %  Y_INDEX   =      954
INBND_POINT(     436) %  CONNECT   = T


INBND_POINT(     437) %  X_INDEX   =        1
INBND_POINT(     437) %  Y_INDEX   =      132
INBND_POINT(     437) %  CONNECT   = F


INBND_POINT(     438) %  X_INDEX   =        1
INBND_POINT(     438) %  Y_INDEX   =      131
INBND_POINT(     438) %  CONNECT   = T


INBND_POINT(     439) %  X_INDEX   =        1
INBND_POINT(     439) %  Y_INDEX   =      130
INBND_POINT(     439) %  CONNECT   = T


INBND_POINT(     440) %  X_INDEX   =        1
INBND_POINT(     440) %  Y_INDEX   =      129
INBND_POINT(     440) %  CONNECT   = T


INBND_POINT(     441) %  X_INDEX   =        1
INBND_POINT(     441) %  Y_INDEX   =      128
INBND_POINT(     441) %  CONNECT   = T


INBND_POINT(     442) %  X_INDEX   =        1
INBND_POINT(     442) %  Y_INDEX   =      127
INBND_POINT(     442) %  CONNECT   = T


INBND_POINT(     443) %  X_INDEX   =        1
INBND_POINT(     443) %  Y_INDEX   =      126
INBND_POINT(     443) %  CONNECT   = T


INBND_POINT(     444) %  X_INDEX   =        1
INBND_POINT(     444) %  Y_INDEX   =      125
INBND_POINT(     444) %  CONNECT   = T


INBND_POINT(     445) %  X_INDEX   =        1
INBND_POINT(     445) %  Y_INDEX   =      124
INBND_POINT(     445) %  CONNECT   = T


INBND_POINT(     446) %  X_INDEX   =        1
INBND_POINT(     446) %  Y_INDEX   =      123
INBND_POINT(     446) %  CONNECT   = T


INBND_POINT(     447) %  X_INDEX   =        1
INBND_POINT(     447) %  Y_INDEX   =      122
INBND_POINT(     447) %  CONNECT   = T


INBND_POINT(     448) %  X_INDEX   =        1
INBND_POINT(     448) %  Y_INDEX   =      121
INBND_POINT(     448) %  CONNECT   = T


INBND_POINT(     449) %  X_INDEX   =        1
INBND_POINT(     449) %  Y_INDEX   =      120
INBND_POINT(     449) %  CONNECT   = T


INBND_POINT(     450) %  X_INDEX   =        1
INBND_POINT(     450) %  Y_INDEX   =      119
INBND_POINT(     450) %  CONNECT   = T


INBND_POINT(     451) %  X_INDEX   =        1
INBND_POINT(     451) %  Y_INDEX   =      118
INBND_POINT(     451) %  CONNECT   = T


INBND_POINT(     452) %  X_INDEX   =        1
INBND_POINT(     452) %  Y_INDEX   =      117
INBND_POINT(     452) %  CONNECT   = T


INBND_POINT(     453) %  X_INDEX   =        1
INBND_POINT(     453) %  Y_INDEX   =      116
INBND_POINT(     453) %  CONNECT   = T


INBND_POINT(     454) %  X_INDEX   =        1
INBND_POINT(     454) %  Y_INDEX   =      115
INBND_POINT(     454) %  CONNECT   = T


INBND_POINT(     455) %  X_INDEX   =        1
INBND_POINT(     455) %  Y_INDEX   =      114
INBND_POINT(     455) %  CONNECT   = T


INBND_POINT(     456) %  X_INDEX   =        1
INBND_POINT(     456) %  Y_INDEX   =      113
INBND_POINT(     456) %  CONNECT   = T


INBND_POINT(     457) %  X_INDEX   =        1
INBND_POINT(     457) %  Y_INDEX   =      112
INBND_POINT(     457) %  CONNECT   = T


INBND_POINT(     458) %  X_INDEX   =        1
INBND_POINT(     458) %  Y_INDEX   =      111
INBND_POINT(     458) %  CONNECT   = T


INBND_POINT(     459) %  X_INDEX   =        1
INBND_POINT(     459) %  Y_INDEX   =      110
INBND_POINT(     459) %  CONNECT   = T


INBND_POINT(     460) %  X_INDEX   =        1
INBND_POINT(     460) %  Y_INDEX   =      109
INBND_POINT(     460) %  CONNECT   = T


INBND_POINT(     461) %  X_INDEX   =        1
INBND_POINT(     461) %  Y_INDEX   =      108
INBND_POINT(     461) %  CONNECT   = T


INBND_POINT(     462) %  X_INDEX   =        1
INBND_POINT(     462) %  Y_INDEX   =      107
INBND_POINT(     462) %  CONNECT   = T


INBND_POINT(     463) %  X_INDEX   =        1
INBND_POINT(     463) %  Y_INDEX   =      106
INBND_POINT(     463) %  CONNECT   = T


INBND_POINT(     464) %  X_INDEX   =        1
INBND_POINT(     464) %  Y_INDEX   =      105
INBND_POINT(     464) %  CONNECT   = T


INBND_POINT(     465) %  X_INDEX   =        1
INBND_POINT(     465) %  Y_INDEX   =      104
INBND_POINT(     465) %  CONNECT   = T


INBND_POINT(     466) %  X_INDEX   =        1
INBND_POINT(     466) %  Y_INDEX   =      103
INBND_POINT(     466) %  CONNECT   = T


INBND_POINT(     467) %  X_INDEX   =        1
INBND_POINT(     467) %  Y_INDEX   =      102
INBND_POINT(     467) %  CONNECT   = T


INBND_POINT(     468) %  X_INDEX   =        1
INBND_POINT(     468) %  Y_INDEX   =      101
INBND_POINT(     468) %  CONNECT   = T


INBND_POINT(     469) %  X_INDEX   =        1
INBND_POINT(     469) %  Y_INDEX   =      100
INBND_POINT(     469) %  CONNECT   = T


INBND_POINT(     470) %  X_INDEX   =        1
INBND_POINT(     470) %  Y_INDEX   =       99
INBND_POINT(     470) %  CONNECT   = T


INBND_POINT(     471) %  X_INDEX   =        1
INBND_POINT(     471) %  Y_INDEX   =       98
INBND_POINT(     471) %  CONNECT   = T


INBND_POINT(     472) %  X_INDEX   =        1
INBND_POINT(     472) %  Y_INDEX   =       97
INBND_POINT(     472) %  CONNECT   = T


INBND_POINT(     473) %  X_INDEX   =        1
INBND_POINT(     473) %  Y_INDEX   =       96
INBND_POINT(     473) %  CONNECT   = T


INBND_POINT(     474) %  X_INDEX   =        1
INBND_POINT(     474) %  Y_INDEX   =       95
INBND_POINT(     474) %  CONNECT   = T


INBND_POINT(     475) %  X_INDEX   =        1
INBND_POINT(     475) %  Y_INDEX   =       94
INBND_POINT(     475) %  CONNECT   = T


INBND_POINT(     476) %  X_INDEX   =        1
INBND_POINT(     476) %  Y_INDEX   =       93
INBND_POINT(     476) %  CONNECT   = T


INBND_POINT(     477) %  X_INDEX   =        1
INBND_POINT(     477) %  Y_INDEX   =       92
INBND_POINT(     477) %  CONNECT   = T


INBND_POINT(     478) %  X_INDEX   =        1
INBND_POINT(     478) %  Y_INDEX   =       91
INBND_POINT(     478) %  CONNECT   = T


INBND_POINT(     479) %  X_INDEX   =        1
INBND_POINT(     479) %  Y_INDEX   =       90
INBND_POINT(     479) %  CONNECT   = T


INBND_POINT(     480) %  X_INDEX   =        1
INBND_POINT(     480) %  Y_INDEX   =       89
INBND_POINT(     480) %  CONNECT   = T


INBND_POINT(     481) %  X_INDEX   =        1
INBND_POINT(     481) %  Y_INDEX   =       88
INBND_POINT(     481) %  CONNECT   = T


INBND_POINT(     482) %  X_INDEX   =        1
INBND_POINT(     482) %  Y_INDEX   =       87
INBND_POINT(     482) %  CONNECT   = T


INBND_POINT(     483) %  X_INDEX   =        1
INBND_POINT(     483) %  Y_INDEX   =       86
INBND_POINT(     483) %  CONNECT   = T


INBND_POINT(     484) %  X_INDEX   =        1
INBND_POINT(     484) %  Y_INDEX   =       85
INBND_POINT(     484) %  CONNECT   = T


INBND_POINT(     485) %  X_INDEX   =        1
INBND_POINT(     485) %  Y_INDEX   =       84
INBND_POINT(     485) %  CONNECT   = T


INBND_POINT(     486) %  X_INDEX   =        1
INBND_POINT(     486) %  Y_INDEX   =       83
INBND_POINT(     486) %  CONNECT   = T


INBND_POINT(     487) %  X_INDEX   =        1
INBND_POINT(     487) %  Y_INDEX   =       82
INBND_POINT(     487) %  CONNECT   = T


INBND_POINT(     488) %  X_INDEX   =        1
INBND_POINT(     488) %  Y_INDEX   =       81
INBND_POINT(     488) %  CONNECT   = T


INBND_POINT(     489) %  X_INDEX   =        1
INBND_POINT(     489) %  Y_INDEX   =       80
INBND_POINT(     489) %  CONNECT   = T


INBND_POINT(     490) %  X_INDEX   =        1
INBND_POINT(     490) %  Y_INDEX   =       79
INBND_POINT(     490) %  CONNECT   = T


INBND_POINT(     491) %  X_INDEX   =        1
INBND_POINT(     491) %  Y_INDEX   =       78
INBND_POINT(     491) %  CONNECT   = T


INBND_POINT(     492) %  X_INDEX   =        1
INBND_POINT(     492) %  Y_INDEX   =       77
INBND_POINT(     492) %  CONNECT   = T


INBND_POINT(     493) %  X_INDEX   =        1
INBND_POINT(     493) %  Y_INDEX   =       76
INBND_POINT(     493) %  CONNECT   = T


INBND_POINT(     494) %  X_INDEX   =        1
INBND_POINT(     494) %  Y_INDEX   =       75
INBND_POINT(     494) %  CONNECT   = T


INBND_POINT(     495) %  X_INDEX   =        1
INBND_POINT(     495) %  Y_INDEX   =       74
INBND_POINT(     495) %  CONNECT   = T


INBND_POINT(     496) %  X_INDEX   =        1
INBND_POINT(     496) %  Y_INDEX   =       73
INBND_POINT(     496) %  CONNECT   = T


INBND_POINT(     497) %  X_INDEX   =        1
INBND_POINT(     497) %  Y_INDEX   =       72
INBND_POINT(     497) %  CONNECT   = T


INBND_POINT(     498) %  X_INDEX   =        1
INBND_POINT(     498) %  Y_INDEX   =       71
INBND_POINT(     498) %  CONNECT   = T


INBND_POINT(     499) %  X_INDEX   =        1
INBND_POINT(     499) %  Y_INDEX   =       70
INBND_POINT(     499) %  CONNECT   = T


INBND_POINT(     500) %  X_INDEX   =        1
INBND_POINT(     500) %  Y_INDEX   =       69
INBND_POINT(     500) %  CONNECT   = T


INBND_POINT(     501) %  X_INDEX   =        1
INBND_POINT(     501) %  Y_INDEX   =       68
INBND_POINT(     501) %  CONNECT   = T


INBND_POINT(     502) %  X_INDEX   =        1
INBND_POINT(     502) %  Y_INDEX   =       67
INBND_POINT(     502) %  CONNECT   = T


INBND_POINT(     503) %  X_INDEX   =        1
INBND_POINT(     503) %  Y_INDEX   =       66
INBND_POINT(     503) %  CONNECT   = T


EXCL_COUNT %  N_POINT       =        0
EXCL_COUNT %  N_BODY        =        0

OUTBND_COUNT %  N_LINE        =        0
